
> lazyy_notes@1.0.0 build
> vite build

[36mvite v5.4.21 [32mbuilding for production...[36m[39m
transforming...
[32mΓ£ô[39m 9 modules transformed.
npm : [31mx[39m 
Build failed in 1.65s
At line:1 char:1
+ npm run build > 
build_debug.log 2>&1
+ ~~~~~~~~~~~~~~~~~~~
~~~~~~~~~~~~~~~~~
    + CategoryInfo   
           : NotSpe  
  cified: ([31mx   
 [39m Build faile    
d in 1.65s:Strin    
g) [], RemoteExc    
eption
    + FullyQualified 
   ErrorId : Native  
  CommandError
 
[31merror during 
build:
[31mCould not 
resolve 
"../../index.css" 
from "src/options/Opt
ionsEntry.jsx"[31m
file: [36mC:/Users/a
bhij/OneDrive/Desktop
/IntelliAsk AI/extens
ion/src/options/Optio
nsEntry.jsx[31m
    at 
getRollupError (file:
///C:/Users/abhij/One
Drive/Desktop/Intelli
Ask%20AI/extension/no
de_modules/rollup/dis
t/es/shared/parseAst.
js:401:41)
    at error (file://
/C:/Users/abhij/OneDr
ive/Desktop/IntelliAs
k%20AI/extension/node
_modules/rollup/dist/
es/shared/parseAst.js
:397:42)
    at ModuleLoader.h
andleInvalidResolvedI
d (file:///C:/Users/a
bhij/OneDrive/Desktop
/IntelliAsk%20AI/exte
nsion/node_modules/ro
llup/dist/es/shared/n
ode-entry.js:21710:24
)
    at file:///C:/Use
rs/abhij/OneDrive/Des
ktop/IntelliAsk%20AI/
extension/node_module
s/rollup/dist/es/shar
ed/node-entry.js:2167
0:26[39m
